Starting computation:
Result:
[](72596)
Time (ms):
[](12523)
[](0.0)
